--------------------------------------------------
Memory Usage Report
Log created: Mon Feb 23 23:23:46 2026
--------------------------------------------------
PID: 1748, Name: firefox-esr
RSS(MB): 637.64, VMS(MB): 12202.84
Memory Percent: 8.258728567836412, Timestamp: 2026-02-23_23-23-46
--------------------------------------------------
PID: 5794, Name: code
RSS(MB): 561.07, VMS(MB): 1448362.27
Memory Percent: 7.2669890165932465, Timestamp: 2026-02-23_23-23-46
--------------------------------------------------
PID: 5402, Name: code
RSS(MB): 518.36, VMS(MB): 1427502.34
Memory Percent: 6.713796472297115, Timestamp: 2026-02-23_23-23-46
--------------------------------------------------
PID: 2003, Name: Isolated Web Co
RSS(MB): 479.68, VMS(MB): 2924.14
Memory Percent: 6.212766129681, Timestamp: 2026-02-23_23-23-46
--------------------------------------------------
PID: 2014, Name: Isolated Web Co
RSS(MB): 355.60, VMS(MB): 2786.47
Memory Percent: 4.605704855031072, Timestamp: 2026-02-23_23-23-46
--------------------------------------------------
PID: 12774, Name: Isolated Web Co
RSS(MB): 274.94, VMS(MB): 2719.24
Memory Percent: 3.5610441951969287, Timestamp: 2026-02-23_23-23-46
--------------------------------------------------
PID: 4238, Name: code
RSS(MB): 262.14, VMS(MB): 1427342.18
Memory Percent: 3.39519773825503, Timestamp: 2026-02-23_23-23-46
--------------------------------------------------
PID: 4174, Name: code
RSS(MB): 196.57, VMS(MB): 1427238.88
Memory Percent: 2.5460314986843082, Timestamp: 2026-02-23_23-23-46
--------------------------------------------------
PID: 1945, Name: WebExtensions
RSS(MB): 157.88, VMS(MB): 19164.21
Memory Percent: 2.0448493746860024, Timestamp: 2026-02-23_23-23-46
--------------------------------------------------
PID: 4209, Name: code
RSS(MB): 147.02, VMS(MB): 33715.05
Memory Percent: 1.9041480333939278, Timestamp: 2026-02-23_23-23-46
--------------------------------------------------
Top 10 CPU Consuming Processes
PID: 1748, Name: firefox-esr, CPU%: 4.0, Timestamp: 2026-02-23_23-23-47
PID: 4174, Name: code, CPU%: 2.0, Timestamp: 2026-02-23_23-23-47
PID: 4238, Name: code, CPU%: 2.0, Timestamp: 2026-02-23_23-23-47
PID: 2003, Name: Isolated Web Co, CPU%: 1.0, Timestamp: 2026-02-23_23-23-47
PID: 2014, Name: Isolated Web Co, CPU%: 1.0, Timestamp: 2026-02-23_23-23-47
PID: 5403, Name: code, CPU%: 1.0, Timestamp: 2026-02-23_23-23-47
PID: 14933, Name: python, CPU%: 1.0, Timestamp: 2026-02-23_23-23-47
PID: 1, Name: systemd, CPU%: 0.0, Timestamp: 2026-02-23_23-23-47
PID: 2, Name: kthreadd, CPU%: 0.0, Timestamp: 2026-02-23_23-23-47
PID: 3, Name: pool_workqueue_release, CPU%: 0.0, Timestamp: 2026-02-23_23-23-47
--------------------------------------------------
Top 10 Thread Count Processes
PID: 1748, Name: firefox-esr, Threads: 127, Timestamp: 2026-02-23_23-23-47
PID: 4174, Name: code, Threads: 38, Timestamp: 2026-02-23_23-23-47
PID: 2003, Name: Isolated Web Co, Threads: 30, Timestamp: 2026-02-23_23-23-47
PID: 14688, Name: Isolated Servic, Threads: 29, Timestamp: 2026-02-23_23-23-47
PID: 1870, Name: Privileged Cont, Threads: 28, Timestamp: 2026-02-23_23-23-47
PID: 1945, Name: WebExtensions, Threads: 28, Timestamp: 2026-02-23_23-23-47
PID: 2014, Name: Isolated Web Co, Threads: 28, Timestamp: 2026-02-23_23-23-47
PID: 12774, Name: Isolated Web Co, Threads: 28, Timestamp: 2026-02-23_23-23-47
PID: 4298, Name: code, Threads: 23, Timestamp: 2026-02-23_23-23-47
PID: 5403, Name: code, Threads: 23, Timestamp: 2026-02-23_23-23-47
--------------------------------------------------
Top 10 Open File Descriptor Processes
PID: 1090, Name: dbus-daemon, Open Files: 266, Timestamp: 2026-02-23_23-23-48
PID: 1748, Name: firefox-esr, Open Files: 185, Timestamp: 2026-02-23_23-23-48
PID: 4174, Name: code, Open Files: 156, Timestamp: 2026-02-23_23-23-48
PID: 1068, Name: systemd, Open Files: 95, Timestamp: 2026-02-23_23-23-48
PID: 1196, Name: dbus-daemon, Open Files: 87, Timestamp: 2026-02-23_23-23-48
PID: 5402, Name: code, Open Files: 69, Timestamp: 2026-02-23_23-23-48
PID: 5794, Name: code, Open Files: 65, Timestamp: 2026-02-23_23-23-48
PID: 1092, Name: pipewire, Open Files: 62, Timestamp: 2026-02-23_23-23-48
PID: 4238, Name: code, Open Files: 54, Timestamp: 2026-02-23_23-23-48
PID: 4209, Name: code, Open Files: 52, Timestamp: 2026-02-23_23-23-48
--------------------------------------------------
