--------------------------------------------------
Memory Usage Report
Log created: Mon Feb 23 23:18:23 2026
--------------------------------------------------
PID: 1748, Name: firefox-esr
RSS(MB): 600.09, VMS(MB): 12183.83
Memory Percent: 7.772421019292931, Timestamp: 2026-02-23_23-18-23
--------------------------------------------------
PID: 5794, Name: code
RSS(MB): 556.90, VMS(MB): 1448362.27
Memory Percent: 7.2129548445328595, Timestamp: 2026-02-23_23-18-23
--------------------------------------------------
PID: 5402, Name: code
RSS(MB): 518.13, VMS(MB): 1427502.34
Memory Percent: 6.710811438447337, Timestamp: 2026-02-23_23-18-23
--------------------------------------------------
PID: 2003, Name: Isolated Web Co
RSS(MB): 479.55, VMS(MB): 2924.14
Memory Percent: 6.211147128270952, Timestamp: 2026-02-23_23-18-23
--------------------------------------------------
PID: 2014, Name: Isolated Web Co
RSS(MB): 354.65, VMS(MB): 2786.47
Memory Percent: 4.593410563073512, Timestamp: 2026-02-23_23-18-23
--------------------------------------------------
PID: 4238, Name: code
RSS(MB): 305.43, VMS(MB): 1427365.30
Memory Percent: 3.955979351660767, Timestamp: 2026-02-23_23-18-23
--------------------------------------------------
PID: 12774, Name: Isolated Web Co
RSS(MB): 275.23, VMS(MB): 2719.22
Memory Percent: 3.5648387297517314, Timestamp: 2026-02-23_23-18-23
--------------------------------------------------
PID: 4174, Name: code
RSS(MB): 196.47, VMS(MB): 1427238.88
Memory Percent: 2.5446654662445796, Timestamp: 2026-02-23_23-18-23
--------------------------------------------------
PID: 1945, Name: WebExtensions
RSS(MB): 157.75, VMS(MB): 19164.21
Memory Percent: 2.043179779481889, Timestamp: 2026-02-23_23-18-23
--------------------------------------------------
PID: 4209, Name: code
RSS(MB): 148.95, VMS(MB): 33735.02
Memory Percent: 1.929191961455624, Timestamp: 2026-02-23_23-18-23
--------------------------------------------------
Top 10 CPU Consuming Processes
PID: 4238, Name: code, CPU%: 9.7, Timestamp: 2026-02-23_23-18-24
PID: 4209, Name: code, CPU%: 5.8, Timestamp: 2026-02-23_23-18-24
PID: 879, Name: Xorg, CPU%: 3.9, Timestamp: 2026-02-23_23-18-24
PID: 14485, Name: python, CPU%: 2.9, Timestamp: 2026-02-23_23-18-24
PID: 1226, Name: xfwm4, CPU%: 1.0, Timestamp: 2026-02-23_23-18-24
PID: 2014, Name: Isolated Web Co, CPU%: 1.0, Timestamp: 2026-02-23_23-18-24
PID: 4174, Name: code, CPU%: 1.0, Timestamp: 2026-02-23_23-18-24
PID: 1, Name: systemd, CPU%: 0.0, Timestamp: 2026-02-23_23-18-24
PID: 2, Name: kthreadd, CPU%: 0.0, Timestamp: 2026-02-23_23-18-24
PID: 3, Name: pool_workqueue_release, CPU%: 0.0, Timestamp: 2026-02-23_23-18-24
--------------------------------------------------
Top 10 Thread Count Processes
PID: 1748, Name: firefox-esr, Threads: 119, Timestamp: 2026-02-23_23-18-24
PID: 4174, Name: code, Threads: 38, Timestamp: 2026-02-23_23-18-24
PID: 2003, Name: Isolated Web Co, Threads: 30, Timestamp: 2026-02-23_23-18-24
PID: 1945, Name: WebExtensions, Threads: 28, Timestamp: 2026-02-23_23-18-24
PID: 2014, Name: Isolated Web Co, Threads: 28, Timestamp: 2026-02-23_23-18-24
PID: 1870, Name: Privileged Cont, Threads: 27, Timestamp: 2026-02-23_23-18-24
PID: 12774, Name: Isolated Web Co, Threads: 27, Timestamp: 2026-02-23_23-18-24
PID: 4298, Name: code, Threads: 23, Timestamp: 2026-02-23_23-18-24
PID: 5403, Name: code, Threads: 23, Timestamp: 2026-02-23_23-18-24
PID: 5402, Name: code, Threads: 21, Timestamp: 2026-02-23_23-18-24
--------------------------------------------------
Top 10 Open File Descriptor Processes
PID: 1090, Name: dbus-daemon, Open Files: 266, Timestamp: 2026-02-23_23-18-25
PID: 1748, Name: firefox-esr, Open Files: 177, Timestamp: 2026-02-23_23-18-25
PID: 4174, Name: code, Open Files: 156, Timestamp: 2026-02-23_23-18-25
PID: 1068, Name: systemd, Open Files: 95, Timestamp: 2026-02-23_23-18-25
PID: 1196, Name: dbus-daemon, Open Files: 87, Timestamp: 2026-02-23_23-18-25
PID: 5402, Name: code, Open Files: 69, Timestamp: 2026-02-23_23-18-25
PID: 5794, Name: code, Open Files: 65, Timestamp: 2026-02-23_23-18-25
PID: 4238, Name: code, Open Files: 63, Timestamp: 2026-02-23_23-18-25
PID: 1092, Name: pipewire, Open Files: 62, Timestamp: 2026-02-23_23-18-25
PID: 4209, Name: code, Open Files: 61, Timestamp: 2026-02-23_23-18-25
--------------------------------------------------
