-----------------------------------------------------------------
---------------------- Automation Report ------------------------
-----------------------------------------------------------------
Files with .txt extension in Demo :
Demo/A.txt
Demo/B.txt
Demo/C.txt
Demo/TextDemo/A.txt
Demo/TextDemo/B.txt
Demo/TextDemo/C.txt
-----------------------------------------------------------------
--------- Thank you for using Rjs Directory_Automation ----------
-----------------------------------------------------------------
------------ Report Time : Fri Feb  6 09:26:38 2026 -------------
-----------------------------------------------------------------
* * * * * * * * * * * * * * * * * * * * * * * * * * * * * * * * * 
 
-----------------------------------------------------------------
---------------------- Automation Report ------------------------
-----------------------------------------------------------------
Invalid number of arguments.!!
Plese specify the name of directory and extention of file to search.!!
-----------------------------------------------------------------
--------- Thank you for using Rjs Directory_Automation ----------
-----------------------------------------------------------------
------------ Report Time : Fri Feb  6 09:27:38 2026 -------------
-----------------------------------------------------------------
* * * * * * * * * * * * * * * * * * * * * * * * * * * * * * * * * 
 
-----------------------------------------------------------------
---------------------- Automation Report ------------------------
-----------------------------------------------------------------
File Renamed to : Demo/A.txt : Demo/A.doc
File Renamed to : Demo/B.txt : Demo/B.doc
File Renamed to : Demo/C.txt : Demo/C.doc
File Renamed to : Demo/TextDemo/A.txt : Demo/TextDemo/A.doc
File Renamed to : Demo/TextDemo/B.txt : Demo/TextDemo/B.doc
File Renamed to : Demo/TextDemo/C.txt : Demo/TextDemo/C.doc
-----------------------------------------------------------------
--------- Thank you for using Rjs Directory_Automation ----------
-----------------------------------------------------------------
------------ Report Time : Fri Feb  6 09:28:12 2026 -------------
-----------------------------------------------------------------
* * * * * * * * * * * * * * * * * * * * * * * * * * * * * * * * * 
 
-----------------------------------------------------------------
---------------------- Automation Report ------------------------
-----------------------------------------------------------------
Directory created : Temp
File Copied Successfully : A.doc
File Copied Successfully : B.doc
File Copied Successfully : C.doc
File Copied Successfully : A.doc
File Copied Successfully : B.doc
File Copied Successfully : C.doc
-----------------------------------------------------------------
--------- Thank you for using Rjs Directory_Automation ----------
-----------------------------------------------------------------
------------ Report Time : Fri Feb  6 09:29:50 2026 -------------
-----------------------------------------------------------------
* * * * * * * * * * * * * * * * * * * * * * * * * * * * * * * * * 
 
-----------------------------------------------------------------
---------------------- Automation Report ------------------------
-----------------------------------------------------------------
Error while creating directory : Temp
-----------------------------------------------------------------
--------- Thank you for using Rjs Directory_Automation ----------
-----------------------------------------------------------------
------------ Report Time : Fri Feb  6 09:36:49 2026 -------------
-----------------------------------------------------------------
* * * * * * * * * * * * * * * * * * * * * * * * * * * * * * * * * 
 
-----------------------------------------------------------------
---------------------- Automation Report ------------------------
-----------------------------------------------------------------
Directory created : Temp
File Copied Successfully : A.doc
File Copied Successfully : B.doc
File Copied Successfully : C.doc
File Copied Successfully : A.doc
File Copied Successfully : B.doc
File Copied Successfully : C.doc
-----------------------------------------------------------------
--------- Thank you for using Rjs Directory_Automation ----------
-----------------------------------------------------------------
------------ Report Time : Fri Feb  6 09:37:08 2026 -------------
-----------------------------------------------------------------
* * * * * * * * * * * * * * * * * * * * * * * * * * * * * * * * * 
 
-----------------------------------------------------------------
---------------------- Automation Report ------------------------
-----------------------------------------------------------------
Directory already exists : Temp
File Copied Successfully : A.doc
File Copied Successfully : B.doc
File Copied Successfully : C.doc
File Copied Successfully : D.doc
File Copied Successfully : E.doc
File Copied Successfully : F.doc
-----------------------------------------------------------------
--------- Thank you for using Rjs Directory_Automation ----------
-----------------------------------------------------------------
------------ Report Time : Fri Feb  6 09:41:27 2026 -------------
-----------------------------------------------------------------
* * * * * * * * * * * * * * * * * * * * * * * * * * * * * * * * * 
 
-----------------------------------------------------------------
---------------------- Automation Report ------------------------
-----------------------------------------------------------------
Directory already exists : Temp
File Copied Successfully : A.doc
File Copied Successfully : B.doc
File Copied Successfully : C.doc
File Copied Successfully : D.doc
File Copied Successfully : E.doc
File Copied Successfully : F.doc
-----------------------------------------------------------------
--------- Thank you for using Rjs Directory_Automation ----------
-----------------------------------------------------------------
------------ Report Time : Fri Feb  6 10:18:56 2026 -------------
-----------------------------------------------------------------
* * * * * * * * * * * * * * * * * * * * * * * * * * * * * * * * * 
 
-----------------------------------------------------------------
---------------------- Automation Report ------------------------
-----------------------------------------------------------------
Directory created : Temp
File Copied Successfully : A.doc
File Copied Successfully : B.doc
File Copied Successfully : C.doc
File Copied Successfully : D.doc
File Copied Successfully : E.doc
File Copied Successfully : F.doc
-----------------------------------------------------------------
--------- Thank you for using Rjs Directory_Automation ----------
-----------------------------------------------------------------
------------ Report Time : Fri Feb  6 10:19:14 2026 -------------
-----------------------------------------------------------------
* * * * * * * * * * * * * * * * * * * * * * * * * * * * * * * * * 
 
-----------------------------------------------------------------
---------------------- Automation Report ------------------------
-----------------------------------------------------------------
Directory created : Temp
Directory created: Temp/TextDemo
-----------------------------------------------------------------
--------- Thank you for using Rjs Directory_Automation ----------
-----------------------------------------------------------------
------------ Report Time : Fri Feb  6 12:05:56 2026 -------------
-----------------------------------------------------------------
* * * * * * * * * * * * * * * * * * * * * * * * * * * * * * * * * 
 
-----------------------------------------------------------------
---------------------- Automation Report ------------------------
-----------------------------------------------------------------
Directory created : Temp
File copied successfully: Temp/A.exe
Directory created: Temp/TextDemo
File copied successfully: Temp/TextDemo/B.exe
-----------------------------------------------------------------
--------- Thank you for using Rjs Directory_Automation ----------
-----------------------------------------------------------------
------------ Report Time : Fri Feb  6 12:10:15 2026 -------------
-----------------------------------------------------------------
* * * * * * * * * * * * * * * * * * * * * * * * * * * * * * * * * 
 
